 gcc -I. -I/Applications/MAMP/wells/zephir_ext/phalconry/ext -DPHP_ATOM_INC -I/Applications/MAMP/wells/zephir_ext/phalconry/ext/include -I/Applications/MAMP/wells/zephir_ext/phalconry/ext/main -I/Applications/MAMP/wells/zephir_ext/phalconry/ext -I/Applications/MAMP/bin/php/php5.5.10/include/php -I/Applications/MAMP/bin/php/php5.5.10/include/php/main -I/Applications/MAMP/bin/php/php5.5.10/include/php/TSRM -I/Applications/MAMP/bin/php/php5.5.10/include/php/Zend -I/Applications/MAMP/bin/php/php5.5.10/include/php/ext -I/Applications/MAMP/bin/php/php5.5.10/include/php/ext/date/lib -DHAVE_CONFIG_H -O2 -fvisibility=hidden -Wparentheses -flto -DZEPHIR_RELEASE=1 -c /Applications/MAMP/wells/zephir_ext/phalconry/ext/phalconry/mvc/application.zep.c  -fno-common -DPIC -o phalconry/mvc/.libs/application.o
rm -fr  .libs/phalconry.la .libs/phalconry.lai .libs/phalconry.so .libs/phalconry.so.dSYM
gcc ${wl}-flat_namespace ${wl}-undefined ${wl}suppress -o .libs/phalconry.so -bundle  .libs/phalconry.o kernel/.libs/main.o kernel/.libs/memory.o kernel/.libs/exception.o kernel/.libs/hash.o kernel/.libs/debug.o kernel/.libs/backtrace.o kernel/.libs/object.o kernel/.libs/array.o kernel/extended/.libs/array.o kernel/.libs/string.o kernel/.libs/fcall.o kernel/.libs/require.o kernel/.libs/file.o kernel/.libs/operators.o kernel/.libs/concat.o kernel/.libs/variables.o kernel/.libs/filter.o kernel/.libs/iterator.o kernel/.libs/exit.o phalconry/.libs/arrayobject.o phalconry/mvc/.libs/application.o phalconry/mvc/.libs/dispatcher.o phalconry/mvc/.libs/env.o phalconry/mvc/.libs/module.o phalconry/.libs/util.o  
dsymutil .libs/phalconry.so || :
warning: no debug symbols in executable (-arch x86_64)
creating phalconry.la
(cd .libs && rm -f phalconry.la && ln -s ../phalconry.la phalconry.la)
cp ./.libs/phalconry.so /Applications/MAMP/wells/zephir_ext/phalconry/ext/modules/phalconry.so
cp ./.libs/phalconry.lai /Applications/MAMP/wells/zephir_ext/phalconry/ext/modules/phalconry.la
----------------------------------------------------------------------
Libraries have been installed in:
   /Applications/MAMP/wells/zephir_ext/phalconry/ext/modules

If you ever happen to want to link against installed libraries
in a given directory, LIBDIR, you must either use libtool, and
specify the full pathname of the library, or use the `-LLIBDIR'
flag during linking and do at least one of the following:
   - add LIBDIR to the `DYLD_LIBRARY_PATH' environment variable
     during execution

See any operating system documentation about shared libraries for
more information, such as the ld(1) and ld.so(8) manual pages.
----------------------------------------------------------------------

Build complete.
Don't forget to run 'make test'.

Installing shared extensions:     /Applications/MAMP/bin/php/php5.5.10/lib/php/extensions/no-debug-non-zts-20121212/
Installing header files:          /Applications/MAMP/bin/php/php5.5.10/include/php/
